// Jest Snapshot v1, https://goo.gl/fbAQLP

exports[`Pruebas correspondientes al AddCategory El componente se debe renderizar correctamente 1`] = `
<form
  onSubmit={[Function]}
>
  <input
    onChange={[Function]}
    type="text"
    value=""
  />
</form>
`;
